› Building app...
Configuration on demand is an incubating feature.

[Incubating] Problems report is available at: file:///C:/Users/chaz/Documents/School/3rd%20term%202nd%20yeart/cssweng/CSSWENG-/android/build/reports/problems/problems-report.html

FAILURE: Build failed with an exception.

* What went wrong:
Could not initialize class org.gradle.toolchains.foojay.DistributionsKt
> Exception java.lang.NoSuchFieldError: Class org.gradle.jvm.toolchain.JvmVendorSpec does not have member field 'org.gradle.jvm.toolchain.JvmVendorSpec IBM_SEMERU' [in thread "Daemon worker"]

* Try:
> Run with --stacktrace option to get the stack trace.
> Run with --info or --debug option to get more log output.
> Run with --scan to get full insights from a Build Scan (powered by Develocity).
> Get more help at https://help.gradle.org.

Deprecated Gradle features were used in this build, making it incompatible with Gradle 10.

You can use '--warning-mode all' to show the individual deprecation warnings and determine if they come from your own scripts or plugins.

For more on this, please refer to https://docs.gradle.org/9.3.1/userguide/command_line_interface.html#sec:command_line_warnings in the Gradle documentation.

BUILD FAILED in 2s
Error: c:\Users\chaz\Documents\School\3rd term 2nd yeart\cssweng\CSSWENG-\android\gradlew.bat app:assembleDebug -x lint -x test --configure-on-demand --build-cache -PreactNativeDevServerPort=8081 -PreactNativeArchitectures=x86_64 exited with non-zero code: 1
Error: c:\Users\chaz\Documents\School\3rd term 2nd yeart\cssweng\CSSWENG-\android\gradlew.bat app:assembleDebug -x lint -x test --configure-on-demand --build-cache -PreactNativeDevServerPort=8081 -PreactNativeArchitectures=x86_64 exited with non-zero code: 1
    at ChildProcess.completionListener (c:\Users\chaz\Documents\School\3rd term 2nd yeart\cssweng\CSSWENG-\node_modules\@expo\spawn-async\build\spawnAsync.js:113:23)
    at Object.onceWrapper (node:events:623:26)
    at ChildProcess.emit (node:events:508:28)
    at cp.emit (c:\Users\chaz\Documents\School\3rd term 2nd yeart\cssweng\CSSWENG-\node_modules\cross-spawn\lib\enoent.js:34:29)
    at ChildProcess._handle.onexit (node:internal/child_process:294:12)
    ...
    at spawnAsync (c:\Users\chaz\Documents\School\3rd term 2nd yeart\cssweng\CSSWENG-\node_modules\@expo\spawn-async\build\spawnAsync.js:9:23)
    at spawnGradleAsync (c:\Users\chaz\Documents\School\3rd term 2nd yeart\cssweng\CSSWENG-\node_modules\expo\node_modules\@expo\cli\build\src\start\platforms\android\gradle.js:107:48)
    at assembleAsync (c:\Users\chaz\Documents\School\3rd term 2nd yeart\cssweng\CSSWENG-\node_modules\expo\node_modules\@expo\cli\build\src\start\platforms\android\gradle.js:82:18)
    at runAndroidAsync (c:\Users\chaz\Documents\School\3rd term 2nd yeart\cssweng\CSSWENG-\node_modules\expo\node_modules\@expo\cli\build\src\run\android\runAndroidAsync.js:85:41)
